t云服务器内存总是在晚上出现异常

使用htop/top 查看的所有用户态进程最高占用在6%，再往下注解

```shell
top - 21:20:30 up 118 days,  3:00,  3 users,  load average: 0.34, 0.38, 0.39
Tasks: 178 total,   1 running, 177 sleeping,   0 stopped,   0 zombie
%Cpu(s):  5.7 us,  5.0 sy,  0.0 ni, 87.8 id,  0.8 wa,  0.0 hi,  0.7 si,  0.0 st
KiB Mem :  3915460 total,   266968 free,  3093836 used,   554656 buff/cache
KiB Swap:  1048572 total,   519884 free,   528688 used.   406644 avail Mem

  PID USER      PR  NI    VIRT    RES    SHR S  %CPU %MEM     TIME+ COMMAND
23745 root      20   0  326468 217864   6000 S   0.3  5.6  19:59.49 
  943 influxdb  20   0 1023092 202396   9424 S   0.0  5.2 847:55.40 
15799 root      20   0 1378264 150656   5552 S   0.0  3.8 314:36.00 
 4025 root      20   0 1316964 106768   6916 S   2.0  2.7 278:41.22 
23270 root      20   0 1459212  85880   9984 S   0.3  2.2  99:53.24 
 1468 root      20   0 1307908  74772   2132 S   5.3  1.9   1168:59 
```

后续内存占用依然很少，总共加起来在31.2%（1.2G）左右，但通过free查看，其内存使用了3027M

```shell
# free -m
              total        used        free      shared  buff/cache   available
Mem:           3823        3027         226           7         569         391
Swap:          1023         513         510
```

根据网上信息，曾怀疑是Slabtop，但根据命令查看好像也才占用了280M。

```shell
cat /proc/meminfo
MemTotal:        3915460 kB
MemFree:          205344 kB
MemAvailable:     387604 kB
Buffers:           66160 kB
Cached:           256472 kB
SwapCached:         7232 kB
Active:           721432 kB
Inactive:         728228 kB
Active(anon):     539612 kB
Inactive(anon):   597428 kB
Active(file):     181820 kB
Inactive(file):   130800 kB
Unevictable:        3696 kB
Mlocked:            3696 kB
SwapTotal:       1048572 kB
SwapFree:         523276 kB
Dirty:              1012 kB
Writeback:             0 kB
AnonPages:       1126104 kB
Mapped:           132216 kB
Shmem:              7564 kB
Slab:             275160 kB
SReclaimable:     144992 kB
SUnreclaim:       130168 kB
KernelStack:        7056 kB
PageTables:        14260 kB
NFS_Unstable:          0 kB
Bounce:                0 kB
WritebackTmp:          0 kB
CommitLimit:     3006300 kB
Committed_AS:    4584444 kB
VmallocTotal:   34359738367 kB
VmallocUsed:           0 kB
VmallocChunk:          0 kB
HardwareCorrupted:     0 kB
AnonHugePages:    411648 kB
CmaTotal:              0 kB
CmaFree:               0 kB
HugePages_Total:       0
HugePages_Free:        0
HugePages_Rsvd:        0
HugePages_Surp:        0
Hugepagesize:       2048 kB
DirectMap4k:      184312 kB
DirectMap2M:     4009984 kB
```

```shell
sudo slabtop
 Active / Total Objects (% used)    : 573805 / 742205 (77.3%)
 Active / Total Slabs (% used)      : 32044 / 32044 (100.0%)
 Active / Total Caches (% used)     : 73 / 117 (62.4%)
 Active / Total Size (% used)       : 213344.45K / 271902.22K (78.5%)
```

上述问题咨询了云厂商，但也没有具体结论，像这种无缘由的节点，他们建议尝试升级内核去处理相应结果。

但我观察到一个现象：每次在高内存时，其连接数都处于高位。（正常时0.5~1w左右）

```shell
~$ sudo netstat -anp | wc -l
25738
```

所以此处打算着手记录此信息，尝试对比发现

当前连接数：

```shell
~$ sudo netstat -anp | grep CLOSE_WAIT | wc -l
23660

~$ sudo netstat -anp | grep ESTABLISHED | wc -l
1346

```

